python : Creating test 
database for alias 
'default' ('file:memory
db_default?mode=memory&
cache=shared')...
At line:1 char:1
+ python manage.py 
test core.tests.Profile
Tests.test_get_my_profi
le -v  ...
+ ~~~~~~~~~~~~~~~~~~~~~
~~~~~~~~~~~~~~~~~~~~~~~
~~~~~~~~~~~~~~~~~~~~~~~
~~
    + CategoryInfo     
         : NotSpecifi  
  ed: (Creating test   
  d...che=shared').    
..:String) [], Rem    
oteException
    + FullyQualifiedEr 
   rorId : NativeComm  
  andError
 

Found 1 test(s).
Operations to perform:
  Synchronize unmigrated apps: corsheaders, messages, rest_framework, rest_framework_simplejwt, staticfiles, storages
  Apply all migrations: admin, auth, contenttypes, core, sessions
Synchronizing apps without migrations:
  Creating tables...
    Running deferred SQL...
Running migrations:
  Applying contenttypes.0001_initial... OK
  Applying auth.0001_initial... OK
  Applying admin.0001_initial... OK
  Applying admin.0002_logentry_remove_auto_add... OK
  Applying admin.0003_logentry_add_action_flag_choices... OK
  Applying contenttypes.0002_remove_content_type_name... OK
  Applying auth.0002_alter_permission_name_max_length... OK
  Applying auth.0003_alter_user_email_max_length... OK
  Applying auth.0004_alter_user_username_opts... OK
  Applying auth.0005_alter_user_last_login_null... OK
  Applying auth.0006_require_contenttypes_0002... OK
  Applying auth.0007_alter_validators_add_error_messages... OK
  Applying auth.0008_alter_user_username_max_length... OK
  Applying auth.0009_alter_user_last_name_max_length... OK
  Applying auth.0010_alter_group_name_max_length... OK
  Applying auth.0011_update_proxy_permissions... OK
  Applying auth.0012_alter_user_first_name_max_length... OK
  Applying core.0001_initial... OK
  Applying core.0002_post_contributors_post_video_alter_profile_gender_and_more... OK
  Applying core.0003_alter_post_content_text_alter_profile_age_report... OK
  Applying core.0004_post_is_collaborative_post_post_type_and_more... OK
  Applying core.0005_profile_fcm_token_notification... OK
  Applying core.0006_recoverycode_recoveryrequest_recoveryguardian... OK
  Applying core.0007_chatmessage_image_chatmessage_video_and_more... OK
  Applying core.0008_locationroom_city_locationroom_region... OK
test_get_my_profile (co
re.tests.ProfileTests.t
est_get_my_profile)
Test fetching own 
profile. ... ERROR

=======================
=======================
=======================
=
ERROR: 
test_get_my_profile (co
re.tests.ProfileTests.t
est_get_my_profile)
Test fetching own 
profile.
-----------------------
-----------------------
-----------------------
-
Traceback (most recent 
call last):
  File "C:\Users\Ngosa 
Lwando Niza\AppData\Roa
ming\Python\Python313\s
ite-packages\django\db\
backends\utils.py", 
line 105, in _execute
    return self.cursor.
execute(sql, params)
           ~~~~~~~~~~~~
~~~~~~~^^^^^^^^^^^^^
  File "C:\Users\Ngosa 
Lwando Niza\AppData\Roa
ming\Python\Python313\s
ite-packages\django\db\
backends\sqlite3\base.p
y", line 360, in 
execute
    return 
super().execute(query, 
params)
           ~~~~~~~~~~~~
~~~^^^^^^^^^^^^^^^
sqlite3.OperationalErro
r: no such column: 
core_post.thumbnail

The above exception 
was the direct cause 
of the following 
exception:

Traceback (most recent 
call last):
  File "C:\Users\Ngosa 
Lwando Niza\Desktop\soc
ialnetwork\core\tests.p
y", line 66, in 
test_get_my_profile
    response = self.cli
ent.get('/api/profile/m
e/')
  File "C:\Users\Ngosa 
Lwando Niza\AppData\Roa
ming\Python\Python313\s
ite-packages\rest_frame
work\test.py", line 
292, in get
    response = 
super().get(path, 
data=data, **extra)
  File "C:\Users\Ngosa 
Lwando Niza\AppData\Roa
ming\Python\Python313\s
ite-packages\rest_frame
work\test.py", line 
209, in get
    return 
self.generic('GET', 
path, **r)
           ~~~~~~~~~~~~
^^^^^^^^^^^^^^^^^^
  File "C:\Users\Ngosa 
Lwando Niza\AppData\Roa
ming\Python\Python313\s
ite-packages\rest_frame
work\test.py", line 
237, in generic
    return 
super().generic(
           
~~~~~~~~~~~~~~~^
        method, path, 
data, content_type, 
secure, **extra)
        ^^^^^^^^^^^^^^^
^^^^^^^^^^^^^^^^^^^^^^^
^^^^^^^^^^^^
  File "C:\Users\Ngosa 
Lwando Niza\AppData\Roa
ming\Python\Python313\s
ite-packages\django\tes
t\client.py", line 
671, in generic
    return 
self.request(**r)
           
~~~~~~~~~~~~^^^^^
  File "C:\Users\Ngosa 
Lwando Niza\AppData\Roa
ming\Python\Python313\s
ite-packages\rest_frame
work\test.py", line 
289, in request
    return super().requ
est(**kwargs)
           ~~~~~~~~~~~~
~~~^^^^^^^^^^
  File "C:\Users\Ngosa 
Lwando Niza\AppData\Roa
ming\Python\Python313\s
ite-packages\rest_frame
work\test.py", line 
241, in request
    request = super().r
equest(**kwargs)
  File "C:\Users\Ngosa 
Lwando Niza\AppData\Roa
ming\Python\Python313\s
ite-packages\django\tes
t\client.py", line 
1087, in request
    self.check_exceptio
n(response)
    ~~~~~~~~~~~~~~~~~~~
~^^^^^^^^^^
  File "C:\Users\Ngosa 
Lwando Niza\AppData\Roa
ming\Python\Python313\s
ite-packages\django\tes
t\client.py", line 
802, in check_exception
    raise exc_value
  File "C:\Users\Ngosa 
Lwando Niza\AppData\Roa
ming\Python\Python313\s
ite-packages\django\cor
e\handlers\exception.py
", line 55, in inner
    response = 
get_response(request)
  File "C:\Users\Ngosa 
Lwando Niza\AppData\Roa
ming\Python\Python313\s
ite-packages\django\cor
e\handlers\base.py", 
line 197, in 
_get_response
    response = wrapped_
callback(request, 
*callback_args, 
**callback_kwargs)
  File "C:\Users\Ngosa 
Lwando Niza\AppData\Roa
ming\Python\Python313\s
ite-packages\django\vie
ws\decorators\csrf.py",
 line 65, in 
_view_wrapper
    return 
view_func(request, 
*args, **kwargs)
  File "C:\Users\Ngosa 
Lwando Niza\AppData\Roa
ming\Python\Python313\s
ite-packages\django\vie
ws\generic\base.py", 
line 105, in view
    return 
self.dispatch(request, 
*args, **kwargs)
           ~~~~~~~~~~~~
~^^^^^^^^^^^^^^^^^^^^^^
^^^^
  File "C:\Users\Ngosa 
Lwando Niza\AppData\Roa
ming\Python\Python313\s
ite-packages\rest_frame
work\views.py", line 
515, in dispatch
    response = self.han
dle_exception(exc)
  File "C:\Users\Ngosa 
Lwando Niza\AppData\Roa
ming\Python\Python313\s
ite-packages\rest_frame
work\views.py", line 
475, in 
handle_exception
    self.raise_uncaught
_exception(exc)
    ~~~~~~~~~~~~~~~~~~~
~~~~~~~~~~^^^^^
  File "C:\Users\Ngosa 
Lwando Niza\AppData\Roa
ming\Python\Python313\s
ite-packages\rest_frame
work\views.py", line 
486, in raise_uncaught_
exception
    raise exc
  File "C:\Users\Ngosa 
Lwando Niza\AppData\Roa
ming\Python\Python313\s
ite-packages\rest_frame
work\views.py", line 
512, in dispatch
    response = 
handler(request, 
*args, **kwargs)
  File "C:\Users\Ngosa 
Lwando Niza\Desktop\soc
ialnetwork\core\views.p
y", line 39, in get
    return response.Res
ponse(serializer.data)
                       
      ^^^^^^^^^^^^^^^
  File "C:\Users\Ngosa 
Lwando Niza\AppData\Roa
ming\Python\Python313\s
ite-packages\rest_frame
work\serializers.py", 
line 573, in data
    ret = super().data
          ^^^^^^^^^^^^
  File "C:\Users\Ngosa 
Lwando Niza\AppData\Roa
ming\Python\Python313\s
ite-packages\rest_frame
work\serializers.py", 
line 251, in data
    self._data = self.t
o_representation(self.i
nstance)
                 ~~~~~~
~~~~~~~~~~~~~~~~^^^^^^^
^^^^^^^^
  File "C:\Users\Ngosa 
Lwando Niza\AppData\Roa
ming\Python\Python313\s
ite-packages\rest_frame
work\serializers.py", 
line 540, in 
to_representation
    
ret[field.field_name] 
= field.to_representati
on(attribute)
                       
     ~~~~~~~~~~~~~~~~~~
~~~~~^^^^^^^^^^^
  File "C:\Users\Ngosa 
Lwando Niza\AppData\Roa
ming\Python\Python313\s
ite-packages\rest_frame
work\fields.py", line 
1870, in 
to_representation
    return 
method(value)
  File "C:\Users\Ngosa 
Lwando Niza\Desktop\soc
ialnetwork\core\seriali
zers.py", line 61, in 
get_latest_post
    latest = Post.objec
ts.filter(author=obj).o
rder_by('-created_at').
first()
  File "C:\Users\Ngosa 
Lwando Niza\AppData\Roa
ming\Python\Python313\s
ite-packages\django\db\
models\query.py", line 
1104, in first
    for obj in 
queryset[:1]:
               
~~~~~~~~^^^^
  File "C:\Users\Ngosa 
Lwando Niza\AppData\Roa
ming\Python\Python313\s
ite-packages\django\db\
models\query.py", line 
384, in __iter__
    self._fetch_all()
    ~~~~~~~~~~~~~~~^^
  File "C:\Users\Ngosa 
Lwando Niza\AppData\Roa
ming\Python\Python313\s
ite-packages\django\db\
models\query.py", line 
1949, in _fetch_all
    self._result_cache 
= list(self._iterable_c
lass(self))
                       
  ~~~~^^^^^^^^^^^^^^^^^
^^^^^^^^^^^
  File "C:\Users\Ngosa 
Lwando Niza\AppData\Roa
ming\Python\Python313\s
ite-packages\django\db\
models\query.py", line 
91, in __iter__
    results = 
compiler.execute_sql(
        chunked_fetch=s
elf.chunked_fetch, chun
k_size=self.chunk_size
    )
  File "C:\Users\Ngosa 
Lwando Niza\AppData\Roa
ming\Python\Python313\s
ite-packages\django\db\
models\sql\compiler.py"
, line 1623, in 
execute_sql
    
cursor.execute(sql, 
params)
    ~~~~~~~~~~~~~~^^^^^
^^^^^^^^
  File "C:\Users\Ngosa 
Lwando Niza\AppData\Roa
ming\Python\Python313\s
ite-packages\django\db\
backends\utils.py", 
line 79, in execute
    return self._execut
e_with_wrappers(
           ~~~~~~~~~~~~
~~~~~~~~~~~~~~~^
        sql, params, 
many=False, 
executor=self._execute
        ^^^^^^^^^^^^^^^
^^^^^^^^^^^^^^^^^^^^^^^
^^^^^^^^^
    )
    ^
  File "C:\Users\Ngosa 
Lwando Niza\AppData\Roa
ming\Python\Python313\s
ite-packages\django\db\
backends\utils.py", 
line 92, in 
_execute_with_wrappers
    return 
executor(sql, params, 
many, context)
  File "C:\Users\Ngosa 
Lwando Niza\AppData\Roa
ming\Python\Python313\s
ite-packages\django\db\
backends\utils.py", 
line 100, in _execute
    with self.db.wrap_d
atabase_errors:
         ^^^^^^^^^^^^^^
^^^^^^^^^^^^^^
  File "C:\Users\Ngosa 
Lwando Niza\AppData\Roa
ming\Python\Python313\s
ite-packages\django\db\
utils.py", line 91, in 
__exit__
    raise dj_exc_value.
with_traceback(tracebac
k) from exc_value
  File "C:\Users\Ngosa 
Lwando Niza\AppData\Roa
ming\Python\Python313\s
ite-packages\django\db\
backends\utils.py", 
line 105, in _execute
    return self.cursor.
execute(sql, params)
           ~~~~~~~~~~~~
~~~~~~~^^^^^^^^^^^^^
  File "C:\Users\Ngosa 
Lwando Niza\AppData\Roa
ming\Python\Python313\s
ite-packages\django\db\
backends\sqlite3\base.p
y", line 360, in 
execute
    return 
super().execute(query, 
params)
           ~~~~~~~~~~~~
~~~^^^^^^^^^^^^^^^
django.db.utils.Operati
onalError: no such 
column: 
core_post.thumbnail

-----------------------
-----------------------
-----------------------
-
Ran 1 test in 2.677s

FAILED (errors=1)
Destroying test 
database for alias 
'default' ('file:memory
db_default?mode=memory&
cache=shared')...

  Applying sessions.0001_initial... OK
System check identified no issues (0 silenced).
